ERC report (2026-08-22T10:41:09, Encoding UTF8)
Report includes: Errors, Warnings, Exclusions

***** Sheet /
[pin_not_connected]: Pin not connected
    ; error
    @(5400 mils, 2650 mils): Hierarchical Sheet Pin 'VBAT_SWITCHED'
[pin_not_connected]: Pin not connected
    ; error
    @(5500 mils, 2650 mils): Hierarchical Sheet Pin 'VBAT_RAW'
[pin_not_connected]: Pin not connected
    ; error
    @(5650 mils, 2650 mils): Hierarchical Sheet Pin 'SDA'
[pin_not_connected]: Pin not connected
    ; error
    @(5750 mils, 2650 mils): Hierarchical Sheet Pin 'SCL'
[pin_not_connected]: Pin not connected
    ; error
    @(5900 mils, 2650 mils): Hierarchical Sheet Pin 'GND'
[pin_not_connected]: Pin not connected
    ; error
    @(6000 mils, 2650 mils): Hierarchical Sheet Pin 'ALRT'
[lib_symbol_mismatch]: Symbol 'MCP23017x-x-ML' doesn't match copy in library 'Interface_Expansion'
    ; warning
    @(2750 mils, 4400 mils): Symbol U2 [MCP23017x-x-ML]
[lib_symbol_mismatch]: Symbol 'Conn_01x08' doesn't match copy in library 'CY_library'
    ; warning
    @(3450 mils, 1400 mils): Symbol J2 [Conn_01x08]
[unconnected_wire_endpoint]: Unconnected wire endpoint
    ; warning
    @(3650 mils, 1800 mils): Horizontal Wire, length 150 mils
[unconnected_wire_endpoint]: Unconnected wire endpoint
    ; warning
    @(3900 mils, 1700 mils): Horizontal Wire, length 250 mils
[unconnected_wire_endpoint]: Unconnected wire endpoint
    ; warning
    @(3650 mils, 1600 mils): Horizontal Wire, length 350 mils
[unconnected_wire_endpoint]: Unconnected wire endpoint
    ; warning
    @(3650 mils, 1500 mils): Horizontal Wire, length 450 mils
[footprint_link_issues]: The current configuration does not include the footprint library 'Seeed_Studio_XIAO_Series'
    ; warning
    @(5800 mils, 3500 mils): Symbol U1 [XIAO-ESP32-S3 Plus-SMD]
[isolated_pin_label]: Label connected to only one pin
    ; warning
    @(6600 mils, 3450 mils): Hierarchical Label 'ALRT'
[isolated_pin_label]: Label connected to only one pin
    ; warning
    @(6600 mils, 3650 mils): Hierarchical Label 'SDA'
[isolated_pin_label]: Label connected to only one pin
    ; warning
    @(6600 mils, 3850 mils): Hierarchical Label 'SCL'

***** Sheet /main/
[pin_not_connected]: Pin not connected
    ; error
    @(1750 mils, 4400 mils): Symbol U2 Pin 6 [V_{SS}, Power input, Line]
[power_pin_not_driven]: Input Power pin not driven by any Output Power pins
    ; error
    @(1750 mils, 4400 mils): Symbol U2 Pin 6 [V_{SS}, Power input, Line]
[pin_not_connected]: Pin not connected
    ; error
    @(1750 mils, 4500 mils): Symbol U2 Pin 29 [EP, Passive, Line]
[pin_not_connected]: Pin not connected
    ; error
    @(1950 mils, 4900 mils): Symbol U2 Pin 13 [A2, Input, Line]
[pin_not_driven]: Input pin not driven by any Output pins
    ; error
    @(1950 mils, 4900 mils): Symbol U2 Pin 13 [A2, Input, Line]
[pin_not_connected]: Pin not connected
    ; error
    @(2050 mils, 4900 mils): Symbol U2 Pin 12 [A1, Input, Line]
[pin_not_driven]: Input pin not driven by any Output pins
    ; error
    @(2050 mils, 4900 mils): Symbol U2 Pin 12 [A1, Input, Line]
[pin_not_connected]: Pin not connected
    ; error
    @(2150 mils, 4900 mils): Symbol U2 Pin 11 [A0, Input, Line]
[pin_not_driven]: Input pin not driven by any Output pins
    ; error
    @(2150 mils, 4900 mils): Symbol U2 Pin 11 [A0, Input, Line]
[pin_not_connected]: Pin not connected
    ; error
    @(2650 mils, 4900 mils): Symbol U2 Pin 14 [~{RESET}, Input, Line]
[pin_not_driven]: Input pin not driven by any Output pins
    ; error
    @(2650 mils, 4900 mils): Symbol U2 Pin 14 [~{RESET}, Input, Line]
[pin_not_connected]: Pin not connected
    ; error
    @(2850 mils, 4900 mils): Symbol U2 Pin 15 [INTB, Tri-state, Line]
[pin_not_connected]: Pin not connected
    ; error
    @(2950 mils, 4900 mils): Symbol U2 Pin 16 [INTA, Tri-state, Line]
[pin_not_connected]: Pin not connected
    ; error
    @(3050 mils, 3900 mils): Symbol U2 Pin 22 [GPA5, Bidirectional, Line]
[pin_not_connected]: Pin not connected
    ; error
    @(3150 mils, 3900 mils): Symbol U2 Pin 21 [GPA4, Bidirectional, Line]
[pin_not_connected]: Pin not connected
    ; error
    @(3250 mils, 3900 mils): Symbol U2 Pin 20 [GPA3, Bidirectional, Line]
[pin_not_connected]: Pin not connected
    ; error
    @(3350 mils, 3900 mils): Symbol U2 Pin 19 [GPA2, Bidirectional, Line]
[pin_not_connected]: Pin not connected
    ; error
    @(3450 mils, 3900 mils): Symbol U2 Pin 18 [GPA1, Bidirectional, Line]
[pin_not_connected]: Pin not connected
    ; error
    @(3550 mils, 3900 mils): Symbol U2 Pin 17 [GPA0, Bidirectional, Line]
[pin_not_connected]: Pin not connected
    ; error
    @(3650 mils, 1500 mils): Symbol J2 Pin 5 [CS, Passive, Line]
[pin_not_connected]: Pin not connected
    ; error
    @(3650 mils, 1600 mils): Symbol J2 Pin 6 [Pin_6, Passive, Line]
[pin_not_connected]: Pin not connected
    ; error
    @(3650 mils, 1700 mils): Symbol J2 Pin 7 [Pin_7, Passive, Line]
[pin_not_connected]: Pin not connected
    ; error
    @(3650 mils, 1800 mils): Symbol J2 Pin 8 [Pin_8, Passive, Line]
[pin_not_connected]: Pin not connected
    ; error
    @(3750 mils, 4400 mils): Symbol U2 Pin 5 [V_{DD}, Power input, Line]
[power_pin_not_driven]: Input Power pin not driven by any Output Power pins
    ; error
    @(3750 mils, 4400 mils): Symbol U2 Pin 5 [V_{DD}, Power input, Line]
[power_pin_not_driven]: Input Power pin not driven by any Output Power pins
    ; error
    @(4050 mils, 1100 mils): Symbol #PWR05 Pin 1 [Power input, Line]
[power_pin_not_driven]: Input Power pin not driven by any Output Power pins
    ; error
    @(4050 mils, 1200 mils): Symbol #PWR01 Pin 1 [Power input, Line]
[pin_not_connected]: Pin not connected
    ; error
    @(4850 mils, 2950 mils): Symbol U1 Pin 1 [D0, Passive, Line]
[pin_not_connected]: Pin not connected
    ; error
    @(4850 mils, 3100 mils): Symbol U1 Pin 2 [D1, Passive, Line]
[pin_not_connected]: Pin not connected
    ; error
    @(4850 mils, 3250 mils): Symbol U1 Pin 3 [D2, Passive, Line]
[pin_not_connected]: Pin not connected
    ; error
    @(4850 mils, 3400 mils): Symbol U1 Pin 4 [D3, Passive, Line]
[pin_not_connected]: Pin not connected
    ; error
    @(4850 mils, 3850 mils): Symbol U1 Pin 7 [D6, Passive, Line]
[pin_not_connected]: Pin not connected
    ; error
    @(4850 mils, 4050 mils): Symbol U1 Pin 15 [D11, Passive, Line]
[pin_not_connected]: Pin not connected
    ; error
    @(4850 mils, 4200 mils): Symbol U1 Pin 16 [D12, Passive, Line]
[pin_not_connected]: Pin not connected
    ; error
    @(4850 mils, 4350 mils): Symbol U1 Pin 17 [D13, Passive, Line]
[pin_not_connected]: Pin not connected
    ; error
    @(4850 mils, 4500 mils): Symbol U1 Pin 18 [D14, Passive, Line]
[pin_not_connected]: Pin not connected
    ; error
    @(5250 mils, 2600 mils): Symbol U1 Pin 24 [D14/MTDI, Passive, Line]
[pin_not_connected]: Pin not connected
    ; error
    @(5400 mils, 2600 mils): Symbol U1 Pin 25 [D13/MTDO, Passive, Line]
[pin_not_connected]: Pin not connected
    ; error
    @(5550 mils, 2600 mils): Symbol U1 Pin 26 [EN, Passive, Line]
[pin_not_connected]: Pin not connected
    ; error
    @(5600 mils, 4850 mils): Symbol U1 Pin 32 [VBAT, Passive, Line]
[pin_not_connected]: Pin not connected
    ; error
    @(5700 mils, 2600 mils): Symbol U1 Pin 27 [GND, Passive, Line]
[pin_not_connected]: Pin not connected
    ; error
    @(5850 mils, 2600 mils): Symbol U1 Pin 28 [D15/MTMS, Passive, Line]
[pin_not_connected]: Pin not connected
    ; error
    @(5900 mils, 4850 mils): Symbol U1 Pin 34 [PAD, Passive, Line]
[pin_not_connected]: Pin not connected
    ; error
    @(6000 mils, 2600 mils): Symbol U1 Pin 29 [D12/MTCK, Passive, Line]
[pin_not_connected]: Pin not connected
    ; error
    @(6150 mils, 2600 mils): Symbol U1 Pin 30 [USB_DN, Passive, Line]
[pin_not_connected]: Pin not connected
    ; error
    @(6300 mils, 2600 mils): Symbol U1 Pin 31 [USB_DP, Passive, Line]
[pin_not_connected]: Pin not connected
    ; error
    @(6700 mils, 2950 mils): Symbol U1 Pin 14 [VBUS, Passive, Line]
[pin_not_connected]: Pin not connected
    ; error
    @(6700 mils, 3100 mils): Symbol U1 Pin 13 [GND, Passive, Line]
[pin_not_connected]: Pin not connected
    ; error
    @(6700 mils, 3250 mils): Symbol U1 Pin 12 [3V3_OUT, Passive, Line]
[pin_not_connected]: Pin not connected
    ; error
    @(6700 mils, 3550 mils): Symbol U1 Pin 10 [D9, Passive, Line]
[pin_not_connected]: Pin not connected
    ; error
    @(6700 mils, 3850 mils): Symbol U1 Pin 8 [D7, Passive, Line]
[pin_not_connected]: Pin not connected
    ; error
    @(6700 mils, 4050 mils): Symbol U1 Pin 23 [D17, Passive, Line]
[pin_not_connected]: Pin not connected
    ; error
    @(6700 mils, 4200 mils): Symbol U1 Pin 22 [D18, Passive, Line]
[pin_not_connected]: Pin not connected
    ; error
    @(6700 mils, 4350 mils): Symbol U1 Pin 21 [D19, Passive, Line]
[pin_not_connected]: Pin not connected
    ; error
    @(6700 mils, 4500 mils): Symbol U1 Pin 20 [D16, Passive, Line]
[pin_not_connected]: Pin not connected
    ; error
    @(6700 mils, 4650 mils): Symbol U1 Pin 19 [D15, Passive, Line]
[pin_not_connected]: Pin not connected
    ; error
    @(7950 mils, 2100 mils): Symbol U3 Pin 8 [SCL, Input, Line]
[pin_not_driven]: Input pin not driven by any Output pins
    ; error
    @(7950 mils, 2100 mils): Symbol U3 Pin 8 [SCL, Input, Line]
[pin_not_connected]: Pin not connected
    ; error
    @(7950 mils, 2200 mils): Symbol U3 Pin 7 [SDA, Bidirectional, Line]
[pin_not_connected]: Pin not connected
    ; error
    @(7950 mils, 2500 mils): Symbol U3 Pin 4 [~{RST}, Bidirectional, Line]
[power_pin_not_driven]: Input Power pin not driven by any Output Power pins
    ; error
    @(8350 mils, 1900 mils): Symbol U3 Pin 6 [VBAT, Power input, Line]
[pin_not_connected]: Pin not connected
    ; error
    @(8450 mils, 3900 mils): Symbol J1 Pin 2 [DAT3/CD, Bidirectional, Line]
[pin_not_connected]: Pin not connected
    ; error
    @(8450 mils, 4400 mils): Symbol J1 Pin 7 [DAT0, Bidirectional, Line]
[pin_not_connected]: Pin not connected
    ; error
    @(8800 mils, 1500 mils): Symbol BT1 Pin 2 [-, Passive, Line]
[pin_not_connected]: Pin not connected
    ; error
    @(8950 mils, 2100 mils): Symbol U3 Pin 1 [32KHZ, Open collector, Line]
[pin_not_connected]: Pin not connected
    ; error
    @(8950 mils, 2400 mils): Symbol U3 Pin 3 [~{INT}/SQW, Open collector, Line]
[pin_not_connected]: Pin not connected
    ; error
    @(10150 mils, 4700 mils): Symbol J1 Pin SH [SHIELD, Passive, Line]

***** Sheet /power/
[duplicate_pins]: Pin  on symbol 'U4' is connected to different nets: /power/SDA and /power/GND
    ; error
    @(6300 mils, 3650 mils): Symbol U4 Pin  [SDA, Bidirectional, Line]
    @(6300 mils, 4050 mils): Symbol U4 Pin  [QSTRT, Input, Line]
[pin_not_driven]: Input pin not driven by any Output pins
    ; error
    @(6300 mils, 3850 mils): Symbol U4 Pin  [SCL, Input, Line]
[multiple_net_names]: Both S and VBAT_RAW are attached to the same items; S will be used in the netlist
    ; warning
    @(4700 mils, 4200 mils): Label 'S'
    @(6600 mils, 2900 mils): Hierarchical Label 'VBAT_RAW'
[multiple_net_names]: Both D and VBAT_SWITCHED are attached to the same items; D will be used in the netlist
    ; warning
    @(5150 mils, 4200 mils): Label 'D'
    @(6600 mils, 3100 mils): Hierarchical Label 'VBAT_SWITCHED'

***** Sheet /input_left/

***** Sheet /input_right/

 ** ERC messages: 87  Errors 75  Warnings 12

 ** Ignored checks:
    - Global label only appears once in the schematic
    - Four connection points are joined together
    - SPICE model issue
    - Assigned footprint doesn't match footprint filters
