ERC report (2026-08-23T21:39:09, Encoding UTF8)
Report includes: Errors, Warnings, Exclusions

***** Sheet /
[lib_symbol_mismatch]: Symbol 'MAX17048' doesn't match copy in library 'CY_library'
    ; warning
    @(5950 mils, 3350 mils): Symbol U4 [MAX17048]
[footprint_link_issues]: The current configuration does not include the footprint library 'Seeed_Studio_XIAO_Series'
    ; warning
    @(4650 mils, 4250 mils): Symbol U1 [XIAO-ESP32-S3 Plus-SMD]
[lib_symbol_mismatch]: Symbol 'DS3231MZ' doesn't match copy in library 'Timer_RTC'
    ; warning
    @(6750 mils, 2550 mils): Symbol U3 [DS3231MZ]

***** Sheet /main/
[power_pin_not_driven]: Input Power pin not driven by any Output Power pins
    ; error
    @(4550 mils, 3300 mils): Symbol #PWR06 Pin 1 [Power input, Line]

***** Sheet /power/
[multiple_net_names]: Both S and VBAT_RAW are attached to the same items; S will be used in the netlist
    ; warning
    @(4700 mils, 4200 mils): Label 'S'
    @(6600 mils, 2600 mils): Hierarchical Label 'VBAT_RAW'
[multiple_net_names]: Both D and VBAT_SWITCHED are attached to the same items; D will be used in the netlist
    ; warning
    @(5150 mils, 4200 mils): Label 'D'
    @(6600 mils, 2800 mils): Hierarchical Label 'VBAT_SWITCHED'

***** Sheet /input_left/

***** Sheet /input_right/
[pin_to_pin]: Pins of type Power output and Power output are connected
    ; error
    @(3450 mils, 2750 mils): Symbol #FLG03 Pin 1 [Power output, Line]
    @(6250 mils, 4000 mils): Symbol #FLG04 Pin 1 [Power output, Line]

 ** ERC messages: 7  Errors 2  Warnings 5

 ** Ignored checks:
    - Global label only appears once in the schematic
    - Four connection points are joined together
    - SPICE model issue
    - Assigned footprint doesn't match footprint filters
