ERC report (2026-08-24T10:14:42, Encoding UTF8)
Report includes: Errors, Warnings, Exclusions

***** Sheet /
[hier_label_mismatch]: Sheet pin BTN_3 has no matching hierarchical label inside the sheet
    ; error
    @(8000 mils, 4000 mils): Hierarchical Sheet Pin 'BTN_3'
[hier_label_mismatch]: Sheet pin BTN_4 has no matching hierarchical label inside the sheet
    ; error
    @(8000 mils, 4500 mils): Hierarchical Sheet Pin 'BTN_4'
[hier_label_mismatch]: Sheet pin BTN_3 has no matching hierarchical label inside the sheet
    ; error
    @(8500 mils, 4000 mils): Hierarchical Sheet Pin 'BTN_3'
[hier_label_mismatch]: Sheet pin BTN_4 has no matching hierarchical label inside the sheet
    ; error
    @(8500 mils, 4500 mils): Hierarchical Sheet Pin 'BTN_4'
[hier_label_mismatch]: Sheet pin SDA has no matching hierarchical label inside the sheet
    ; error
    @(8500 mils, 5000 mils): Hierarchical Sheet Pin 'SDA'
[hier_label_mismatch]: Sheet pin SCL has no matching hierarchical label inside the sheet
    ; error
    @(8500 mils, 5500 mils): Hierarchical Sheet Pin 'SCL'
[endpoint_off_grid]: Symbol pin or wire end off connection grid
    ; warning
    @(2050 mils, 1240 mils): Horizontal Wire, length 300 mils
[endpoint_off_grid]: Symbol pin or wire end off connection grid
    ; warning
    @(2050 mils, 1340 mils): Horizontal Wire, length 300 mils
[endpoint_off_grid]: Symbol pin or wire end off connection grid
    ; warning
    @(2050 mils, 1440 mils): Symbol #PWR035 Pin 1 [Power input, Line]
[endpoint_off_grid]: Symbol pin or wire end off connection grid
    ; warning
    @(2050 mils, 1440 mils): Horizontal Wire, length 300 mils
[endpoint_off_grid]: Symbol pin or wire end off connection grid
    ; warning
    @(2050 mils, 1540 mils): Horizontal Wire, length 300 mils
[endpoint_off_grid]: Symbol pin or wire end off connection grid
    ; warning
    @(2050 mils, 1640 mils): Horizontal Wire, length 300 mils
[endpoint_off_grid]: Symbol pin or wire end off connection grid
    ; warning
    @(2050 mils, 1740 mils): Horizontal Wire, length 300 mils
[endpoint_off_grid]: Symbol pin or wire end off connection grid
    ; warning
    @(2050 mils, 1840 mils): Horizontal Wire, length 300 mils
[endpoint_off_grid]: Symbol pin or wire end off connection grid
    ; warning
    @(2050 mils, 1840 mils): Symbol #PWR036 Pin 1 [Power input, Line]
[endpoint_off_grid]: Symbol pin or wire end off connection grid
    ; warning
    @(2350 mils, 1340 mils): Symbol J10 Pin 2 [Pin_2, Passive, Line]
[endpoint_off_grid]: Symbol pin or wire end off connection grid
    ; warning
    @(3490 mils, 2300 mils): Horizontal Wire, length 300 mils
[endpoint_off_grid]: Symbol pin or wire end off connection grid
    ; warning
    @(3490 mils, 2300 mils): Symbol #PWR041 Pin 1 [Power input, Line]
[endpoint_off_grid]: Symbol pin or wire end off connection grid
    ; warning
    @(3490 mils, 2400 mils): Symbol #PWR042 Pin 1 [Power input, Line]
[endpoint_off_grid]: Symbol pin or wire end off connection grid
    ; warning
    @(3490 mils, 2400 mils): Horizontal Wire, length 300 mils
[endpoint_off_grid]: Symbol pin or wire end off connection grid
    ; warning
    @(3490 mils, 2900 mils): Horizontal Wire, length 300 mils
[endpoint_off_grid]: Symbol pin or wire end off connection grid
    ; warning
    @(3490 mils, 2900 mils): Symbol #PWR043 Pin 1 [Power input, Line]
[endpoint_off_grid]: Symbol pin or wire end off connection grid
    ; warning
    @(3790 mils, 2400 mils): Symbol J8 Pin 2 [Pin_2, Passive, Line]

***** Sheet /main/

***** Sheet /power/
[multiple_net_names]: Both S and VBAT_RAW are attached to the same items; S will be used in the netlist
    ; warning
    @(4700 mils, 4200 mils): Label 'S'
    @(8650 mils, 2600 mils): Hierarchical Label 'VBAT_RAW'
[multiple_net_names]: Both D and VBAT_SWITCHED are attached to the same items; D will be used in the netlist
    ; warning
    @(5100 mils, 4200 mils): Label 'D'
    @(8650 mils, 2700 mils): Hierarchical Label 'VBAT_SWITCHED'
[multiple_net_names]: More than one name given to this bus or net
    ; warning (excluded)
    @(4700 mils, 4200 mils): Label 'S'
    @(8650 mils, 2600 mils): Hierarchical Label 'VBAT_RAW'
[multiple_net_names]: More than one name given to this bus or net
    ; warning (excluded)
    @(5100 mils, 4200 mils): Label 'D'
    @(8650 mils, 2700 mils): Hierarchical Label 'VBAT_SWITCHED'

***** Sheet /input_left/

***** Sheet /input_right/

 ** ERC messages: 27  Errors 6  Warnings 21

 ** Ignored checks:
    - Global label only appears once in the schematic
    - Four connection points are joined together
    - SPICE model issue
    - Assigned footprint doesn't match footprint filters
