** Drc report for CyberwatchV1B.kicad_pcb **
** Created on 2026-08-31T23:26:41 **
** Report includes: Errors, Warnings, Exclusions **

** Found 25 DRC violations **
[silk_edge_clearance]: Silkscreen clipped by board edge
    Rule: board setup constraints silk; warning
    @(138.2500 mm, 80.0000 mm): Rectangle on Edge.Cuts
    @(143.7600 mm, 80.3390 mm): Segment of U3 on F.Silkscreen
[silk_edge_clearance]: Silkscreen clipped by board edge
    Rule: board setup constraints silk; warning
    @(138.2500 mm, 80.0000 mm): Rectangle on Edge.Cuts
    @(152.7590 mm, 79.3290 mm): Segment of U3 on F.Silkscreen
[silk_over_copper]: Silkscreen clipped by solder mask
    Local override; warning
    @(139.3650 mm, 99.3890 mm): Segment of U3 on F.Silkscreen
    @(140.0000 mm, 93.4200 mm): Pad 5 [Net-(U3-D4)] of U3 on F.Cu
[silk_over_copper]: Silkscreen clipped by solder mask
    Local override; warning
    @(139.3650 mm, 99.3890 mm): Segment of U3 on F.Silkscreen
    @(140.0000 mm, 98.5000 mm): Pad 7 [unconnected-(U3-D6-Pad7)] of U3 on F.Cu
[silk_over_copper]: Silkscreen clipped by solder mask
    Local override; warning
    @(139.3650 mm, 99.3890 mm): Segment of U3 on F.Silkscreen
    @(139.6000 mm, 97.2300 mm): Pad 20 [unconnected-(U3-D16-Pad20)] of U3 on F.Cu
[silk_over_copper]: Silkscreen clipped by solder mask
    Local override; warning
    @(139.3650 mm, 99.3890 mm): Segment of U3 on F.Silkscreen
    @(140.0000 mm, 88.3400 mm): Pad 3 [unconnected-(U3-D2-Pad3)] of U3 on F.Cu
[silk_over_copper]: Silkscreen clipped by solder mask
    Local override; warning
    @(139.3650 mm, 99.3890 mm): Segment of U3 on F.Silkscreen
    @(139.6000 mm, 89.6100 mm): Pad 17 [unconnected-(U3-D13-Pad17)] of U3 on F.Cu
[silk_over_copper]: Silkscreen clipped by solder mask
    Local override; warning
    @(139.3650 mm, 99.3890 mm): Segment of U3 on F.Silkscreen
    @(140.0000 mm, 90.8800 mm): Pad 4 [Net-(J4-Pin_6)] of U3 on F.Cu
[silk_over_copper]: Silkscreen clipped by solder mask
    Local override; warning
    @(139.3650 mm, 99.3890 mm): Segment of U3 on F.Silkscreen
    @(139.6000 mm, 92.1500 mm): Pad 18 [unconnected-(U3-D14-Pad18)] of U3 on F.Cu
[silk_over_copper]: Silkscreen clipped by solder mask
    Local override; warning
    @(139.3650 mm, 99.3890 mm): Segment of U3 on F.Silkscreen
    @(140.0000 mm, 95.9600 mm): Pad 6 [Net-(U3-D5)] of U3 on F.Cu
[silk_over_copper]: Silkscreen clipped by solder mask
    Local override; warning
    @(139.3650 mm, 99.3890 mm): Segment of U3 on F.Silkscreen
    @(139.6000 mm, 94.6900 mm): Pad 19 [unconnected-(U3-D15-Pad19)] of U3 on F.Cu
[silk_over_copper]: Silkscreen clipped by solder mask
    Local override; warning
    @(139.3650 mm, 99.3890 mm): Segment of U3 on F.Silkscreen
    @(140.0000 mm, 83.2600 mm): Pad 1 [unconnected-(U3-D0-Pad1)] of U3 on F.Cu
[silk_over_copper]: Silkscreen clipped by solder mask
    Local override; warning
    @(139.3650 mm, 99.3890 mm): Segment of U3 on F.Silkscreen
    @(139.6000 mm, 84.5300 mm): Pad 15 [unconnected-(U3-D11-Pad15)] of U3 on F.Cu
[silk_over_copper]: Silkscreen clipped by solder mask
    Local override; warning
    @(139.3650 mm, 99.3890 mm): Segment of U3 on F.Silkscreen
    @(140.0000 mm, 85.8000 mm): Pad 2 [Net-(J4-CS)] of U3 on F.Cu
[silk_over_copper]: Silkscreen clipped by solder mask
    Local override; warning
    @(139.3650 mm, 99.3890 mm): Segment of U3 on F.Silkscreen
    @(139.6000 mm, 87.0700 mm): Pad 16 [unconnected-(U3-D12-Pad16)] of U3 on F.Cu
[silk_over_copper]: Silkscreen clipped by solder mask
    Local override; warning
    @(157.1450 mm, 99.3890 mm): Segment of U3 on F.Silkscreen
    @(156.5100 mm, 85.8000 mm): Pad 13 [GND] of U3 on F.Cu
[silk_over_copper]: Silkscreen clipped by solder mask
    Local override; warning
    @(157.1450 mm, 99.3890 mm): Segment of U3 on F.Silkscreen
    @(156.5100 mm, 83.2600 mm): Pad 14 [unconnected-(U3-VBUS-Pad14)] of U3 on F.Cu
[silk_over_copper]: Silkscreen clipped by solder mask
    Local override; warning
    @(157.1450 mm, 99.3890 mm): Segment of U3 on F.Silkscreen
    @(156.9100 mm, 97.2300 mm): Pad 21 [unconnected-(U3-D19-Pad21)] of U3 on F.Cu
[silk_over_copper]: Silkscreen clipped by solder mask
    Local override; warning
    @(157.1450 mm, 99.3890 mm): Segment of U3 on F.Silkscreen
    @(156.5100 mm, 98.5000 mm): Pad 8 [/main/SPI_MISO] of U3 on F.Cu
[silk_over_copper]: Silkscreen clipped by solder mask
    Local override; warning
    @(157.1450 mm, 99.3890 mm): Segment of U3 on F.Silkscreen
    @(156.5100 mm, 95.9600 mm): Pad 9 [/main/SPI_CLK] of U3 on F.Cu
[silk_over_copper]: Silkscreen clipped by solder mask
    Local override; warning
    @(157.1450 mm, 99.3890 mm): Segment of U3 on F.Silkscreen
    @(156.9100 mm, 94.6900 mm): Pad 22 [unconnected-(U3-D18-Pad22)] of U3 on F.Cu
[silk_over_copper]: Silkscreen clipped by solder mask
    Local override; warning
    @(157.1450 mm, 99.3890 mm): Segment of U3 on F.Silkscreen
    @(156.5100 mm, 93.4200 mm): Pad 10 [Net-(U3-D9)] of U3 on F.Cu
[silk_over_copper]: Silkscreen clipped by solder mask
    Local override; warning
    @(157.1450 mm, 99.3890 mm): Segment of U3 on F.Silkscreen
    @(156.5100 mm, 90.8800 mm): Pad 11 [/main/SPI_MOSI] of U3 on F.Cu
[silk_over_copper]: Silkscreen clipped by solder mask
    Local override; warning
    @(157.1450 mm, 99.3890 mm): Segment of U3 on F.Silkscreen
    @(156.9100 mm, 92.1500 mm): Pad 23 [unconnected-(U3-D17-Pad23)] of U3 on F.Cu
[silk_over_copper]: Silkscreen clipped by solder mask
    Local override; warning
    @(157.1450 mm, 99.3890 mm): Segment of U3 on F.Silkscreen
    @(156.5100 mm, 88.3400 mm): Pad 12 [+3.3V] of U3 on F.Cu

** Found 9 unconnected pads **
[unconnected_items]: Missing connection between items
    Local override; error (excluded)
    @(145.1515 mm, 110.5000 mm): Track [GND] on F.Cu, length 3.0426 mm
    @(128.6250 mm, 108.3750 mm): Track [GND] on F.Cu, length 2.2274 mm
[unconnected_items]: Missing connection between items
    Local override; error (excluded)
    @(180.4250 mm, 95.4600 mm): Pad 2 [GND] of U5 on F.Cu
    @(171.0000 mm, 90.0000 mm): Track [GND] on F.Cu, length 4.0000 mm
[unconnected_items]: Missing connection between items
    Local override; error (excluded)
    @(159.0000 mm, 107.3500 mm): Track [+3.3V] on F.Cu, length 2.0000 mm
    @(182.6000 mm, 93.8000 mm): Track [+3.3V] on F.Cu, length 7.0750 mm
[unconnected_items]: Missing connection between items
    Local override; error (excluded)
    @(171.9970 mm, 114.5060 mm): Track [/input_right/SDA] on B.Cu, length 3.4911 mm
    @(184.0000 mm, 103.0000 mm): Track [/input_right/SDA] on B.Cu, length 4.5975 mm
[unconnected_items]: Missing connection between items
    Local override; error (excluded)
    @(185.0000 mm, 105.5000 mm): Via [/input_right/BTN_3] on F.Cu - B.Cu
    @(166.5000 mm, 115.0000 mm): Track [/input_right/BTN_3] on B.Cu, length 3.0000 mm
[unconnected_items]: Missing connection between items
    Local override; error (excluded)
    @(183.5000 mm, 98.5844 mm): Track [/input_right/SCL] on F.Cu, length 1.9244 mm
    @(172.0000 mm, 101.0000 mm): Track [/input_right/SCL] on B.Cu, length 3.5000 mm
[unconnected_items]: Missing connection between items
    Local override; error (excluded)
    @(131.8000 mm, 114.0500 mm): Track [/main/BTN_2] on F.Cu, length 4.1000 mm
    @(144.5000 mm, 109.0000 mm): Track [/main/BTN_2] on F.Cu, length 0.7071 mm
[unconnected_items]: Missing connection between items
    Local override; error (excluded)
    @(131.7500 mm, 99.7500 mm): Track [/main/BTN_1] on B.Cu, length 3.2500 mm
    @(144.9000 mm, 102.7515 mm): Track [/main/BTN_1] on B.Cu, length 0.4971 mm
[unconnected_items]: Missing connection between items
    Local override; error (excluded)
    @(168.1250 mm, 117.7000 mm): Via [/input_right/BTN_4] on F.Cu - B.Cu
    @(184.0000 mm, 115.0000 mm): Pad 2 [/input_right/BTN_4] of SW4 on F.Cu

** Found 0 Footprint errors **

** Ignored checks **
    - Footprint has no courtyard defined
    - Track endpoint not centered on via
    - Tuning profile track geometries
    - Footprint doesn't match symbol's footprint filters
    - Footprint component type doesn't match footprint pads

** End of Report **
